../Core/Src/main.c:78:6:init	24	static
../Core/Src/main.c:83:6:loop	16	static
../Core/Src/main.c:101:5:main	56	static
../Core/Src/main.c:182:6:SystemClock_Config	96	static
../Core/Src/main.c:243:13:MX_SPI1_Init	8	static
../Core/Src/main.c:283:13:MX_USART1_UART_Init	8	static
../Core/Src/main.c:318:13:MX_USART2_UART_Init	8	static
../Core/Src/main.c:353:13:MX_GPIO_Init	40	static
../Core/Src/main.c:390:6:HAL_UART_TxCpltCallback	16	static
../Core/Src/main.c:409:6:HAL_UART_RxCpltCallback	16	static
../Core/Src/main.c:442:6:Error_Handler	4	static,ignoring_inline_asm
